🍩 Starting Donut Intel Platform on https://localhost:8743
   API docs: https://localhost:8743/api/docs
   Press Ctrl+C to stop

2026-06-09 08:00:43 [INFO] backend.app: Donut Intel Platform v2.0 starting up...
2026-06-09 08:00:43 [INFO] backend.database.db: Database path: /Users/evw/dev/productComparison/donut-intel/data/donut_intel.db
2026-06-09 08:00:43 [INFO] backend.database.db: Database initialized
2026-06-09 08:00:43 [INFO] backend.app: Database ready at: /Users/evw/dev/productComparison/donut-intel/data/donut_intel.db
2026-06-09 08:00:43 [INFO] backend.scheduler.scheduler: Scheduler started
2026-06-09 08:00:43 [INFO] backend.app: Scheduler started
2026-06-09 08:00:43 [INFO] backend.app: Log-tail broadcaster started
2026-06-09 08:00:43 [INFO] backend.app: Dashboard: https://localhost:8743
2026-06-09 08:00:43 [INFO] backend.app: API docs:  https://localhost:8743/api/docs
ERROR:    [Errno 48] error while attempting to bind on address ('127.0.0.1', 8743): address already in use
2026-06-09 08:00:43 [INFO] backend.scheduler.scheduler: Scheduler stopped
2026-06-09 08:00:43 [INFO] backend.app: Donut Intel Platform shut down.
INFO:     Started server process [18741]
INFO:     Waiting for application startup.
2026-06-09 08:01:00 [INFO] backend.app: Donut Intel Platform v2.0 starting up...
2026-06-09 08:01:00 [INFO] backend.database.db: Database path: /Users/evw/dev/productComparison/donut-intel/data/donut_intel.db
2026-06-09 08:01:00 [INFO] backend.database.db: Database initialized
2026-06-09 08:01:00 [INFO] backend.app: Database ready at: /Users/evw/dev/productComparison/donut-intel/data/donut_intel.db
2026-06-09 08:01:00 [INFO] backend.scheduler.scheduler: Scheduler started
2026-06-09 08:01:00 [INFO] backend.app: Scheduler started
2026-06-09 08:01:00 [INFO] backend.app: Log-tail broadcaster started
2026-06-09 08:01:00 [INFO] backend.app: Dashboard: https://localhost:8743
2026-06-09 08:01:00 [INFO] backend.app: API docs:  https://localhost:8743/api/docs
INFO:     Application startup complete.
INFO:     Uvicorn running on https://127.0.0.1:8743 (Press CTRL+C to quit)
INFO:     Started server process [19020]
INFO:     Waiting for application startup.
2026-06-09 08:01:22 [INFO] backend.app: Donut Intel Platform v2.0 starting up...
2026-06-09 08:01:22 [INFO] backend.database.db: Database path: /Users/evw/dev/productComparison/donut-intel/data/donut_intel.db
2026-06-09 08:01:22 [INFO] backend.database.db: Database initialized
2026-06-09 08:01:22 [INFO] backend.app: Database ready at: /Users/evw/dev/productComparison/donut-intel/data/donut_intel.db
2026-06-09 08:01:22 [INFO] backend.scheduler.scheduler: Scheduler started
2026-06-09 08:01:22 [INFO] backend.app: Scheduler started
2026-06-09 08:01:22 [INFO] backend.app: Log-tail broadcaster started
2026-06-09 08:01:22 [INFO] backend.app: Dashboard: https://localhost:8743
2026-06-09 08:01:22 [INFO] backend.app: API docs:  https://localhost:8743/api/docs
INFO:     Application startup complete.
INFO:     Uvicorn running on https://127.0.0.1:8743 (Press CTRL+C to quit)
INFO:     Started server process [79491]
INFO:     Waiting for application startup.
2026-06-09 11:48:45 [INFO] backend.app: Donut Intel Platform v2.0 starting up...
2026-06-09 11:48:45 [INFO] backend.database.db: Database path: /Users/evw/dev/productComparison/donut-intel/data/donut_intel.db
2026-06-09 11:48:45 [INFO] backend.database.db: Database initialized
2026-06-09 11:48:45 [INFO] backend.app: Database ready at: /Users/evw/dev/productComparison/donut-intel/data/donut_intel.db
2026-06-09 11:48:45 [INFO] backend.scheduler.scheduler: Scheduler started
2026-06-09 11:48:45 [INFO] backend.app: Scheduler started
2026-06-09 11:48:45 [INFO] backend.app: Log-tail broadcaster started
2026-06-09 11:48:45 [INFO] backend.app: Dashboard: https://localhost:8743
2026-06-09 11:48:45 [INFO] backend.app: API docs:  https://localhost:8743/api/docs
INFO:     Application startup complete.
INFO:     Uvicorn running on https://127.0.0.1:8743 (Press CTRL+C to quit)
INFO:     Started server process [79797]
INFO:     Waiting for application startup.
2026-06-09 11:49:11 [INFO] backend.app: Donut Intel Platform v2.0 starting up...
2026-06-09 11:49:11 [INFO] backend.database.db: Database path: /Users/evw/dev/productComparison/donut-intel/data/donut_intel.db
2026-06-09 11:49:11 [INFO] backend.database.db: Database initialized
2026-06-09 11:49:11 [INFO] backend.app: Database ready at: /Users/evw/dev/productComparison/donut-intel/data/donut_intel.db
2026-06-09 11:49:11 [INFO] backend.scheduler.scheduler: Scheduler started
2026-06-09 11:49:11 [INFO] backend.app: Scheduler started
2026-06-09 11:49:11 [INFO] backend.app: Log-tail broadcaster started
2026-06-09 11:49:11 [INFO] backend.app: Dashboard: https://localhost:8743
2026-06-09 11:49:11 [INFO] backend.app: API docs:  https://localhost:8743/api/docs
INFO:     Application startup complete.
INFO:     Uvicorn running on https://127.0.0.1:8743 (Press CTRL+C to quit)
INFO:     Started server process [79937]
INFO:     Waiting for application startup.
2026-06-09 11:49:21 [INFO] backend.app: Donut Intel Platform v2.0 starting up...
2026-06-09 11:49:21 [INFO] backend.database.db: Database path: /Users/evw/dev/productComparison/donut-intel/data/donut_intel.db
2026-06-09 11:49:21 [INFO] backend.database.db: Database initialized
2026-06-09 11:49:21 [INFO] backend.app: Database ready at: /Users/evw/dev/productComparison/donut-intel/data/donut_intel.db
2026-06-09 11:49:21 [INFO] backend.scheduler.scheduler: Scheduler started
2026-06-09 11:49:21 [INFO] backend.app: Scheduler started
2026-06-09 11:49:21 [INFO] backend.app: Log-tail broadcaster started
2026-06-09 11:49:21 [INFO] backend.app: Dashboard: https://localhost:8743
2026-06-09 11:49:21 [INFO] backend.app: API docs:  https://localhost:8743/api/docs
INFO:     Application startup complete.
ERROR:    [Errno 48] error while attempting to bind on address ('127.0.0.1', 8743): address already in use
INFO:     Waiting for application shutdown.
2026-06-09 11:49:21 [INFO] backend.scheduler.scheduler: Scheduler stopped
2026-06-09 11:49:21 [INFO] backend.app: Donut Intel Platform shut down.
INFO:     Application shutdown complete.
